2026-08-17 00:23:29.906 | INFO     | __main__:run:404 - Starting bot...
2026-08-17 00:23:29.907 | INFO     | __main__:main:392 - Bot is starting polling...
2026-08-17 00:24:20.577 | INFO     | __main__:start:45 - User 1122413013 started bot
2026-08-17 00:25:01.063 | INFO     | __main__:handler:60 - Received message: Вы выбрали группу: ИП-11 (ip-11) from user 1122413013
2026-08-17 00:25:01.064 | INFO     | __main__:handler:69 - Regex match for group: <re.Match object; span=(0, 24), match='Вы выбрали группу: ИП-11'>
2026-08-17 00:25:01.064 | INFO     | __main__:handler:74 - Database updated for user 1122413013 with group ИП-11
2026-08-17 00:25:01.064 | INFO     | __main__:handler:77 - User 1122413013 selected valid group ИП-11
2026-08-17 00:25:03.155 | INFO     | __main__:day_schedule:337 - Fetched schedule for user 1122413013 for Понедельник
2026-08-17 00:25:12.222 | INFO     | __main__:handler:60 - Received message: Вы выбрали группу: ИП-11 (ip-11) from user 1122413013
2026-08-17 00:25:12.222 | INFO     | __main__:handler:69 - Regex match for group: <re.Match object; span=(0, 24), match='Вы выбрали группу: ИП-11'>
2026-08-17 00:25:12.223 | INFO     | __main__:handler:74 - Database updated for user 1122413013 with group ИП-11
2026-08-17 00:25:12.223 | INFO     | __main__:handler:77 - User 1122413013 selected valid group ИП-11
2026-08-17 00:25:16.694 | INFO     | __main__:day_schedule:337 - Fetched schedule for user 1122413013 for Суббота
2026-08-17 00:25:19.696 | INFO     | __main__:day_schedule:337 - Fetched schedule for user 1122413013 for Пятница
2026-08-17 00:25:20.278 | INFO     | __main__:day_schedule:337 - Fetched schedule for user 1122413013 for Среда
2026-08-17 00:25:20.995 | INFO     | __main__:day_schedule:337 - Fetched schedule for user 1122413013 for Пятница
2026-08-17 00:25:21.415 | INFO     | __main__:day_schedule:337 - Fetched schedule for user 1122413013 for Суббота
2026-08-17 00:25:21.962 | INFO     | __main__:day_schedule:337 - Fetched schedule for user 1122413013 for Суббота
2026-08-17 00:28:34.855 | INFO     | __main__:run:436 - Starting bot...
2026-08-17 00:28:34.856 | INFO     | __main__:main:424 - Bot is starting polling...
2026-08-17 00:28:41.559 | INFO     | __main__:start:45 - User 1122413013 started bot
2026-08-17 00:28:53.236 | INFO     | __main__:handler:60 - Received message: Вы выбрали группу: ИП-11 (ip-11) from user 1122413013
2026-08-17 00:28:53.236 | INFO     | __main__:handler:69 - Regex match for group: <re.Match object; span=(0, 24), match='Вы выбрали группу: ИП-11'>
2026-08-17 00:28:53.237 | INFO     | __main__:handler:74 - Database updated for user 1122413013 with group ИП-11
2026-08-17 00:28:53.237 | INFO     | __main__:handler:77 - User 1122413013 selected valid group ИП-11
2026-08-17 00:32:23.884 | INFO     | __main__:run:532 - Starting bot...
2026-08-17 00:32:23.885 | INFO     | __main__:main:520 - Bot is starting polling...
2026-08-17 00:33:14.256 | INFO     | __main__:handler:61 - Received message: /today from user 1122413013
2026-08-17 00:33:14.256 | INFO     | __main__:handler:70 - Regex match for group: None
2026-08-17 00:33:17.847 | INFO     | __main__:handler:61 - Received message: /today from user 1122413013
2026-08-17 00:33:17.848 | INFO     | __main__:handler:70 - Regex match for group: None
2026-08-17 00:33:35.221 | INFO     | __main__:run:532 - Starting bot...
2026-08-17 00:33:35.222 | INFO     | __main__:main:520 - Bot is starting polling...
2026-08-17 00:33:44.062 | INFO     | __main__:handler:61 - Received message: /today from user 1122413013
2026-08-17 00:33:44.062 | INFO     | __main__:handler:70 - Regex match for group: None
2026-08-17 00:37:48.282 | INFO     | __main__:run:549 - Starting bot...
2026-08-17 00:37:48.283 | INFO     | __main__:main:537 - Bot is starting polling...
2026-08-17 00:37:55.016 | INFO     | __main__:handler:61 - Received message: /today from user 1122413013
2026-08-17 00:37:55.016 | INFO     | __main__:handler:70 - Regex match for group: None
2026-08-17 00:37:57.734 | INFO     | __main__:start:46 - User 1122413013 started bot
2026-08-17 00:38:01.368 | INFO     | __main__:handler:61 - Received message: /today from user 1122413013
2026-08-17 00:38:01.369 | INFO     | __main__:handler:70 - Regex match for group: None
2026-08-17 00:44:38.138 | INFO     | __main__:run:525 - Starting bot...
2026-08-17 00:44:38.140 | INFO     | __main__:main:513 - Bot is starting polling...
2026-08-17 00:48:10.691 | INFO     | __main__:start:48 - User 1122413013 started bot
2026-08-17 01:00:58.691 | INFO     | __main__:run:474 - Starting bot...
2026-08-17 01:00:58.692 | INFO     | __main__:main:462 - Bot is starting polling...
2026-08-17 01:00:58.876 | INFO     | __main__:start:48 - User 1122413013 started bot
2026-08-17 01:00:58.877 | INFO     | __main__:start:48 - User 1122413013 started bot
2026-08-17 01:01:09.863 | INFO     | __main__:handler:89 - Received message: Вы выбрали группу: ИП-11 (ip-11) from user 1122413013
2026-08-17 01:01:09.863 | INFO     | __main__:handler:93 - Regex match for group: <re.Match object; span=(0, 24), match='Вы выбрали группу: ИП-11'>
2026-08-17 01:01:09.863 | INFO     | __main__:handler:98 - Database updated for user 1122413013 with group ИП-11
2026-08-17 01:01:09.863 | INFO     | __main__:handler:101 - User 1122413013 selected valid group ИП-11
2026-08-17 01:10:22.027 | INFO     | __main__:run:474 - Starting bot...
2026-08-17 01:10:22.028 | INFO     | __main__:main:462 - Bot is starting polling...
2026-08-17 01:13:44.735 | INFO     | __main__:handler:89 - Received message: Вы выбрали группу: ИП-11 (ip-11) from user 1122413013
2026-08-17 01:13:44.735 | INFO     | __main__:handler:93 - Regex match for group: <re.Match object; span=(0, 24), match='Вы выбрали группу: ИП-11'>
2026-08-17 01:13:44.736 | INFO     | __main__:handler:98 - Database updated for user 1122413013 with group ИП-11
2026-08-17 01:13:44.736 | INFO     | __main__:handler:101 - User 1122413013 selected valid group ИП-11
2026-08-17 01:18:00.223 | INFO     | __main__:handler:89 - Received message: Вы выбрали группу: ЭУ-11 (eu-11) from user 1122413013
2026-08-17 01:18:00.223 | INFO     | __main__:handler:93 - Regex match for group: <re.Match object; span=(0, 24), match='Вы выбрали группу: ЭУ-11'>
2026-08-17 01:18:00.224 | INFO     | __main__:handler:98 - Database updated for user 1122413013 with group ЭУ-11
2026-08-17 01:18:00.224 | INFO     | __main__:handler:101 - User 1122413013 selected valid group ЭУ-11
2026-08-17 01:18:07.464 | INFO     | __main__:handler:89 - Received message: Вы выбрали группу: ИП-11 (ip-11) from user 1122413013
2026-08-17 01:18:07.464 | INFO     | __main__:handler:93 - Regex match for group: <re.Match object; span=(0, 24), match='Вы выбрали группу: ИП-11'>
2026-08-17 01:18:07.465 | INFO     | __main__:handler:98 - Database updated for user 1122413013 with group ИП-11
2026-08-17 01:18:07.465 | INFO     | __main__:handler:101 - User 1122413013 selected valid group ИП-11
2026-08-17 01:19:47.522 | INFO     | __main__:run:474 - Starting bot...
2026-08-17 01:19:47.523 | INFO     | __main__:main:462 - Bot is starting polling...
2026-08-17 01:19:47.699 | INFO     | __main__:start:48 - User 1122413013 started bot
2026-08-17 01:19:56.094 | INFO     | __main__:handler:89 - Received message: Вы выбрали группу: ИП-11 (ip-11) from user 1122413013
2026-08-17 01:19:56.095 | INFO     | __main__:handler:93 - Regex match for group: <re.Match object; span=(0, 24), match='Вы выбрали группу: ИП-11'>
2026-08-17 01:19:56.095 | INFO     | __main__:handler:98 - Database updated for user 1122413013 with group ИП-11
2026-08-17 01:19:56.095 | INFO     | __main__:handler:101 - User 1122413013 selected valid group ИП-11
2026-08-17 01:19:59.103 | INFO     | __main__:handler:89 - Received message: /help from user 1122413013
2026-08-17 01:19:59.103 | INFO     | __main__:handler:93 - Regex match for group: None
2026-08-17 01:20:16.765 | INFO     | __main__:handler:89 - Received message: /room from user 1122413013
2026-08-17 01:20:16.765 | INFO     | __main__:handler:93 - Regex match for group: None
2026-08-17 01:20:24.938 | INFO     | __main__:handler:89 - Received message: /room 305 from user 1122413013
2026-08-17 01:20:24.939 | INFO     | __main__:handler:93 - Regex match for group: None
2026-08-17 01:24:44.568 | INFO     | __main__:run:548 - Starting bot...
2026-08-17 01:24:44.569 | INFO     | __main__:main:536 - Bot is starting polling...
2026-08-17 03:17:14.119 | INFO     | __main__:run:548 - Starting bot...
2026-08-17 03:17:14.120 | INFO     | __main__:main:536 - Bot is starting polling...
2026-08-17 03:17:20.057 | INFO     | __main__:start:48 - User 1122413013 started bot
2026-08-17 03:17:41.118 | INFO     | __main__:handler:163 - Received message: /notify from user 1122413013
2026-08-17 03:17:41.119 | INFO     | __main__:handler:167 - Regex match for group: None
2026-08-17 03:29:30.020 | INFO     | __main__:run:621 - Starting bot...
2026-08-17 03:29:30.020 | INFO     | __main__:main:606 - Bot is starting polling...
2026-08-17 03:32:13.795 | INFO     | __main__:start:43 - User 1122413013 started bot
2026-08-17 03:34:29.205 | INFO     | __main__:run:621 - Starting bot...
2026-08-17 03:34:29.206 | INFO     | __main__:main:606 - Bot is starting polling...
2026-08-17 03:34:35.665 | INFO     | __main__:start:43 - User 1122413013 started bot
2026-08-17 03:34:39.124 | INFO     | __main__:handler:169 - Received message: /next from user 1122413013
2026-08-17 03:34:39.125 | INFO     | __main__:handler:173 - Regex match for group: None
2026-08-17 03:43:28.751 | INFO     | __main__:run:636 - Starting bot...
2026-08-17 03:43:28.752 | INFO     | __main__:main:627 - Bot is starting polling...
